c:\users\vorob\pictures\2018 project - source\skateboard2018\skateboard2018\debug\colorpicker.obj
c:\users\vorob\pictures\2018 project - source\skateboard2018\skateboard2018\debug\crash.obj
c:\users\vorob\pictures\2018 project - source\skateboard2018\skateboard2018\debug\lagcomp.obj
c:\users\vorob\pictures\2018 project - source\skateboard2018\skateboard2018\debug\player.obj
c:\users\vorob\pictures\2018 project - source\skateboard2018\skateboard2018\debug\wndproc.obj
c:\users\vorob\pictures\2018 project - source\skateboard2018\skateboard2018\debug\entity.obj
c:\users\vorob\pictures\2018 project - source\skateboard2018\skateboard2018\debug\events.obj
c:\users\vorob\pictures\2018 project - source\skateboard2018\skateboard2018\debug\modelrender.obj
c:\users\vorob\pictures\2018 project - source\skateboard2018\skateboard2018\debug\clientdll.obj
c:\users\vorob\pictures\2018 project - source\skateboard2018\skateboard2018\debug\pred.obj
c:\users\vorob\pictures\2018 project - source\skateboard2018\skateboard2018\debug\bonesetup.obj
c:\users\vorob\pictures\2018 project - source\skateboard2018\skateboard2018\debug\firebullets.obj
c:\users\vorob\pictures\2018 project - source\skateboard2018\skateboard2018\debug\grenades.obj
c:\users\vorob\pictures\2018 project - source\skateboard2018\skateboard2018\debug\math.obj
c:\users\vorob\pictures\2018 project - source\skateboard2018\skateboard2018\debug\viewrender.obj
c:\users\vorob\pictures\2018 project - source\skateboard2018\skateboard2018\debug\clientstate.obj
c:\users\vorob\pictures\2018 project - source\skateboard2018\skateboard2018\debug\indicator.obj
c:\users\vorob\pictures\2018 project - source\skateboard2018\skateboard2018\debug\form.obj
c:\users\vorob\pictures\2018 project - source\skateboard2018\skateboard2018\debug\surface.obj
c:\users\vorob\pictures\2018 project - source\skateboard2018\skateboard2018\debug\resolver.obj
c:\users\vorob\pictures\2018 project - source\skateboard2018\skateboard2018\debug\callbacks.obj
c:\users\vorob\pictures\2018 project - source\skateboard2018\skateboard2018\debug\cvar.obj
c:\users\vorob\pictures\2018 project - source\skateboard2018\skateboard2018\debug\knifebot.obj
c:\users\vorob\pictures\2018 project - source\skateboard2018\skateboard2018\debug\multidropdown.obj
c:\users\vorob\pictures\2018 project - source\skateboard2018\skateboard2018\debug\visuals.obj
c:\users\vorob\pictures\2018 project - source\skateboard2018\skateboard2018\debug\button.obj
c:\users\vorob\pictures\2018 project - source\skateboard2018\skateboard2018\debug\materialsystem.obj
c:\users\vorob\pictures\2018 project - source\skateboard2018\skateboard2018\debug\hvh.obj
c:\users\vorob\pictures\2018 project - source\skateboard2018\skateboard2018\debug\netdata.obj
c:\users\vorob\pictures\2018 project - source\skateboard2018\skateboard2018\debug\slider.obj
c:\users\vorob\pictures\2018 project - source\skateboard2018\skateboard2018\debug\aimbot.obj
c:\users\vorob\pictures\2018 project - source\skateboard2018\skateboard2018\debug\shadowmgr.obj
c:\users\vorob\pictures\2018 project - source\skateboard2018\skateboard2018\debug\hooks.obj
c:\users\vorob\pictures\2018 project - source\skateboard2018\skateboard2018\debug\panel.obj
c:\users\vorob\pictures\2018 project - source\skateboard2018\skateboard2018\debug\config.obj
c:\users\vorob\pictures\2018 project - source\skateboard2018\skateboard2018\debug\entry.obj
c:\users\vorob\pictures\2018 project - source\skateboard2018\skateboard2018\debug\skins.obj
c:\users\vorob\pictures\2018 project - source\skateboard2018\skateboard2018\debug\netchannel.obj
c:\users\vorob\pictures\2018 project - source\skateboard2018\skateboard2018\debug\client.obj
c:\users\vorob\pictures\2018 project - source\skateboard2018\skateboard2018\debug\dropdown.obj
c:\users\vorob\pictures\2018 project - source\skateboard2018\skateboard2018\debug\shots.obj
c:\users\vorob\pictures\2018 project - source\skateboard2018\skateboard2018\debug\render.obj
c:\users\vorob\pictures\2018 project - source\skateboard2018\skateboard2018\debug\edit.obj
c:\users\vorob\pictures\2018 project - source\skateboard2018\skateboard2018\debug\csgo.obj
c:\users\vorob\pictures\2018 project - source\skateboard2018\skateboard2018\debug\penetration.obj
c:\users\vorob\pictures\2018 project - source\skateboard2018\skateboard2018\debug\chams.obj
c:\users\vorob\pictures\2018 project - source\skateboard2018\skateboard2018\debug\keybind.obj
c:\users\vorob\pictures\2018 project - source\skateboard2018\skateboard2018\debug\engine.obj
c:\users\vorob\pictures\2018 project - source\skateboard2018\skateboard2018\debug\clientmode.obj
c:\users\vorob\pictures\2018 project - source\skateboard2018\skateboard2018\debug\renderview.obj
c:\users\vorob\pictures\2018 project - source\skateboard2018\skateboard2018\debug\checkbox.obj
c:\users\vorob\pictures\2018 project - source\skateboard2018\skateboard2018\debug\matchframework.obj
c:\users\vorob\pictures\2018 project - source\skateboard2018\skateboard2018\debug\gui.obj
c:\users\vorob\pictures\2018 project - source\skateboard2018\skateboard2018\debug\movement.obj
c:\users\vorob\pictures\2018 project - source\skateboard2018\skateboard2018\debug\prediction.obj
c:\users\vorob\pictures\2018 project - source\skateboard2018\skateboard2018\debug\vc143.pdb
c:\users\vorob\pictures\2018 project - source\skateboard2018\output\skateboard2018.dll
c:\users\vorob\pictures\2018 project - source\skateboard2018\output\skateboard2018.map
c:\users\vorob\pictures\2018 project - source\skateboard2018\output\skateboard2018.pdb
c:\users\vorob\pictures\2018 project - source\skateboard2018\skateboard2018\debug\skateboard2018.ilk
c:\users\vorob\pictures\2018 project - source\skateboard2018\skateboard2018\debug\skateboard2018.tlog\cl.1064.write.1.tlog
c:\users\vorob\pictures\2018 project - source\skateboard2018\skateboard2018\debug\skateboard2018.tlog\cl.command.1.tlog
c:\users\vorob\pictures\2018 project - source\skateboard2018\skateboard2018\debug\skateboard2018.tlog\cl.items.tlog
c:\users\vorob\pictures\2018 project - source\skateboard2018\skateboard2018\debug\skateboard2018.tlog\cl.read.1.tlog
c:\users\vorob\pictures\2018 project - source\skateboard2018\skateboard2018\debug\skateboard2018.tlog\link.command.1.tlog
c:\users\vorob\pictures\2018 project - source\skateboard2018\skateboard2018\debug\skateboard2018.tlog\link.read.1.tlog
c:\users\vorob\pictures\2018 project - source\skateboard2018\skateboard2018\debug\skateboard2018.tlog\link.secondary.1.tlog
c:\users\vorob\pictures\2018 project - source\skateboard2018\skateboard2018\debug\skateboard2018.tlog\link.write.1.tlog
