c:\users\vorob\pictures\2018 project - source\skateboard2018\skateboard2018\release\aimbot.obj
c:\users\vorob\pictures\2018 project - source\skateboard2018\skateboard2018\release\keybind.obj
c:\users\vorob\pictures\2018 project - source\skateboard2018\skateboard2018\release\hooks.obj
c:\users\vorob\pictures\2018 project - source\skateboard2018\skateboard2018\release\netdata.obj
c:\users\vorob\pictures\2018 project - source\skateboard2018\skateboard2018\release\wndproc.obj
c:\users\vorob\pictures\2018 project - source\skateboard2018\skateboard2018\release\colorpicker.obj
c:\users\vorob\pictures\2018 project - source\skateboard2018\skateboard2018\release\materialsystem.obj
c:\users\vorob\pictures\2018 project - source\skateboard2018\skateboard2018\release\lagcomp.obj
c:\users\vorob\pictures\2018 project - source\skateboard2018\skateboard2018\release\clientmode.obj
c:\users\vorob\pictures\2018 project - source\skateboard2018\skateboard2018\release\checkbox.obj
c:\users\vorob\pictures\2018 project - source\skateboard2018\skateboard2018\release\shadowmgr.obj
c:\users\vorob\pictures\2018 project - source\skateboard2018\skateboard2018\release\engine.obj
c:\users\vorob\pictures\2018 project - source\skateboard2018\skateboard2018\release\render.obj
c:\users\vorob\pictures\2018 project - source\skateboard2018\skateboard2018\release\edit.obj
c:\users\vorob\pictures\2018 project - source\skateboard2018\skateboard2018\release\indicator.obj
c:\users\vorob\pictures\2018 project - source\skateboard2018\skateboard2018\release\gui.obj
c:\users\vorob\pictures\2018 project - source\skateboard2018\skateboard2018\release\multidropdown.obj
c:\users\vorob\pictures\2018 project - source\skateboard2018\skateboard2018\release\prediction.obj
c:\users\vorob\pictures\2018 project - source\skateboard2018\skateboard2018\release\clientstate.obj
c:\users\vorob\pictures\2018 project - source\skateboard2018\skateboard2018\release\csgo.obj
c:\users\vorob\pictures\2018 project - source\skateboard2018\skateboard2018\release\skins.obj
c:\users\vorob\pictures\2018 project - source\skateboard2018\skateboard2018\release\viewrender.obj
c:\users\vorob\pictures\2018 project - source\skateboard2018\skateboard2018\release\button.obj
c:\users\vorob\pictures\2018 project - source\skateboard2018\skateboard2018\release\firebullets.obj
c:\users\vorob\pictures\2018 project - source\skateboard2018\skateboard2018\release\grenades.obj
c:\users\vorob\pictures\2018 project - source\skateboard2018\skateboard2018\release\pred.obj
c:\users\vorob\pictures\2018 project - source\skateboard2018\skateboard2018\release\client.obj
c:\users\vorob\pictures\2018 project - source\skateboard2018\skateboard2018\release\modelrender.obj
c:\users\vorob\pictures\2018 project - source\skateboard2018\skateboard2018\release\math.obj
c:\users\vorob\pictures\2018 project - source\skateboard2018\skateboard2018\release\panel.obj
c:\users\vorob\pictures\2018 project - source\skateboard2018\skateboard2018\release\slider.obj
c:\users\vorob\pictures\2018 project - source\skateboard2018\skateboard2018\release\config.obj
c:\users\vorob\pictures\2018 project - source\skateboard2018\skateboard2018\release\entry.obj
c:\users\vorob\pictures\2018 project - source\skateboard2018\skateboard2018\release\shots.obj
c:\users\vorob\pictures\2018 project - source\skateboard2018\skateboard2018\release\resolver.obj
c:\users\vorob\pictures\2018 project - source\skateboard2018\skateboard2018\release\callbacks.obj
c:\users\vorob\pictures\2018 project - source\skateboard2018\skateboard2018\release\dropdown.obj
c:\users\vorob\pictures\2018 project - source\skateboard2018\skateboard2018\release\knifebot.obj
c:\users\vorob\pictures\2018 project - source\skateboard2018\skateboard2018\release\penetration.obj
c:\users\vorob\pictures\2018 project - source\skateboard2018\skateboard2018\release\chams.obj
c:\users\vorob\pictures\2018 project - source\skateboard2018\skateboard2018\release\form.obj
c:\users\vorob\pictures\2018 project - source\skateboard2018\skateboard2018\release\clientdll.obj
c:\users\vorob\pictures\2018 project - source\skateboard2018\skateboard2018\release\player.obj
c:\users\vorob\pictures\2018 project - source\skateboard2018\skateboard2018\release\visuals.obj
c:\users\vorob\pictures\2018 project - source\skateboard2018\skateboard2018\release\entity.obj
c:\users\vorob\pictures\2018 project - source\skateboard2018\skateboard2018\release\events.obj
c:\users\vorob\pictures\2018 project - source\skateboard2018\skateboard2018\release\matchframework.obj
c:\users\vorob\pictures\2018 project - source\skateboard2018\skateboard2018\release\hvh.obj
c:\users\vorob\pictures\2018 project - source\skateboard2018\skateboard2018\release\movement.obj
c:\users\vorob\pictures\2018 project - source\skateboard2018\skateboard2018\release\renderview.obj
c:\users\vorob\pictures\2018 project - source\skateboard2018\skateboard2018\release\bonesetup.obj
c:\users\vorob\pictures\2018 project - source\skateboard2018\skateboard2018\release\cvar.obj
c:\users\vorob\pictures\2018 project - source\skateboard2018\skateboard2018\release\surface.obj
c:\users\vorob\pictures\2018 project - source\skateboard2018\skateboard2018\release\netchannel.obj
c:\users\vorob\pictures\2018 project - source\skateboard2018\output\release\skateboard2018.dll
c:\users\vorob\pictures\2018 project - source\skateboard2018\skateboard2018\release\skateboard2018.ipdb
c:\users\vorob\pictures\2018 project - source\skateboard2018\skateboard2018\release\skateboard2018.iobj
c:\users\vorob\pictures\2018 project - source\skateboard2018\skateboard2018\release\skateboard2018.tlog\cl.16824.write.1.tlog
c:\users\vorob\pictures\2018 project - source\skateboard2018\skateboard2018\release\skateboard2018.tlog\cl.command.1.tlog
c:\users\vorob\pictures\2018 project - source\skateboard2018\skateboard2018\release\skateboard2018.tlog\cl.items.tlog
c:\users\vorob\pictures\2018 project - source\skateboard2018\skateboard2018\release\skateboard2018.tlog\cl.read.1.tlog
c:\users\vorob\pictures\2018 project - source\skateboard2018\skateboard2018\release\skateboard2018.tlog\link.command.1.tlog
c:\users\vorob\pictures\2018 project - source\skateboard2018\skateboard2018\release\skateboard2018.tlog\link.read.1.tlog
c:\users\vorob\pictures\2018 project - source\skateboard2018\skateboard2018\release\skateboard2018.tlog\link.secondary.1.tlog
c:\users\vorob\pictures\2018 project - source\skateboard2018\skateboard2018\release\skateboard2018.tlog\link.write.1.tlog
